[2026-09-16T13:06:42.468686] TO: reset_test_1789564002@agriguard.app (Reset Test User) | SUBJECT: Your AgriGuard Temporary Login Password | EXPIRES_HOURS: 1 | TEMP_PASSWORD: ah***36 | STATUS: SAVED_LOCAL_AUDIT
[2026-09-16T13:07:36.052907] TO: user_farmer_1789564055@agriguard.app (Test Farmer) | SUBJECT: Your AgriGuard Temporary Login Password | EXPIRES_HOURS: 1 | TEMP_PASSWORD: PT***h7 | STATUS: SAVED_LOCAL_AUDIT
[2026-09-16T13:07:36.052907] TO: user_farmer_1789564055@agriguard.app (Test Farmer) | SUBJECT: Your AgriGuard Temporary Login Password | EXPIRES_HOURS: 1 | TEMP_PASSWORD: PT***h7 | STATUS: SAVED_LOCAL_AUDIT
[2026-09-16T13:07:51.589587] TO: user_farmer_1789564071@agriguard.app (Test Farmer) | SUBJECT: Your AgriGuard Temporary Login Password | EXPIRES_HOURS: 1 | TEMP_PASSWORD: E8***SQ | STATUS: SAVED_LOCAL_AUDIT
[2026-09-16T13:07:51.589587] TO: user_farmer_1789564071@agriguard.app (Test Farmer) | SUBJECT: Your AgriGuard Temporary Login Password | EXPIRES_HOURS: 1 | TEMP_PASSWORD: E8***SQ | STATUS: SAVED_LOCAL_AUDIT
[2026-09-16T13:07:52.573068] TO: user_officer_1789564071@agriguard.app (Test Officer) | SUBJECT: Your AgriGuard Temporary Login Password | EXPIRES_HOURS: 1 | TEMP_PASSWORD: HI***Q* | STATUS: SAVED_LOCAL_AUDIT
[2026-09-16T13:07:52.573068] TO: user_officer_1789564071@agriguard.app (Test Officer) | SUBJECT: Your AgriGuard Temporary Login Password | EXPIRES_HOURS: 1 | TEMP_PASSWORD: HI***Q* | STATUS: SAVED_LOCAL_AUDIT
[2026-09-16T13:08:34.054587] TO: user_farmer_1789564113@agriguard.app (Test Farmer) | SUBJECT: Your AgriGuard Temporary Login Password | EXPIRES_HOURS: 1 | TEMP_PASSWORD: dO***8G | STATUS: SAVED_LOCAL_AUDIT
[2026-09-16T13:08:34.054587] TO: user_farmer_1789564113@agriguard.app (Test Farmer) | SUBJECT: Your AgriGuard Temporary Login Password | EXPIRES_HOURS: 1 | TEMP_PASSWORD: dO***8G | STATUS: SAVED_LOCAL_AUDIT
[2026-09-16T13:08:35.011791] TO: user_officer_1789564113@agriguard.app (Test Officer) | SUBJECT: Your AgriGuard Temporary Login Password | EXPIRES_HOURS: 1 | TEMP_PASSWORD: Xx***qQ | STATUS: SAVED_LOCAL_AUDIT
[2026-09-16T13:08:35.011791] TO: user_officer_1789564113@agriguard.app (Test Officer) | SUBJECT: Your AgriGuard Temporary Login Password | EXPIRES_HOURS: 1 | TEMP_PASSWORD: Xx***qQ | STATUS: SAVED_LOCAL_AUDIT
[2026-09-16T13:08:35.951581] TO: user_expert_1789564113@agriguard.app (Test Expert) | SUBJECT: Your AgriGuard Temporary Login Password | EXPIRES_HOURS: 1 | TEMP_PASSWORD: O5***Gj | STATUS: SAVED_LOCAL_AUDIT
[2026-09-16T13:08:35.951581] TO: user_expert_1789564113@agriguard.app (Test Expert) | SUBJECT: Your AgriGuard Temporary Login Password | EXPIRES_HOURS: 1 | TEMP_PASSWORD: O5***Gj | STATUS: SAVED_LOCAL_AUDIT
[2026-09-16T13:08:36.899774] TO: expire_test_1789564113@agriguard.app (Expire User) | SUBJECT: Your AgriGuard Temporary Login Password | EXPIRES_HOURS: 1 | TEMP_PASSWORD: 7t***bG | STATUS: SAVED_LOCAL_AUDIT
[2026-09-16T13:08:36.899774] TO: expire_test_1789564113@agriguard.app (Expire User) | SUBJECT: Your AgriGuard Temporary Login Password | EXPIRES_HOURS: 1 | TEMP_PASSWORD: 7t***bG | STATUS: SAVED_LOCAL_AUDIT
[2026-09-16T13:08:37.475769] TO: spam_test_1789564113@agriguard.app (Spam User) | SUBJECT: Your AgriGuard Temporary Login Password | EXPIRES_HOURS: 1 | TEMP_PASSWORD: C1***@k | STATUS: SAVED_LOCAL_AUDIT
[2026-09-16T13:08:37.475769] TO: spam_test_1789564113@agriguard.app (Spam User) | SUBJECT: Your AgriGuard Temporary Login Password | EXPIRES_HOURS: 1 | TEMP_PASSWORD: C1***@k | STATUS: SAVED_LOCAL_AUDIT
[2026-09-16T13:08:37.608993] TO: spam_test_1789564113@agriguard.app (Spam User) | SUBJECT: Your AgriGuard Temporary Login Password | EXPIRES_HOURS: 1 | TEMP_PASSWORD: 7N***L! | STATUS: SAVED_LOCAL_AUDIT
[2026-09-16T13:08:37.608993] TO: spam_test_1789564113@agriguard.app (Spam User) | SUBJECT: Your AgriGuard Temporary Login Password | EXPIRES_HOURS: 1 | TEMP_PASSWORD: 7N***L! | STATUS: SAVED_LOCAL_AUDIT
[2026-09-16T13:08:37.743776] TO: spam_test_1789564113@agriguard.app (Spam User) | SUBJECT: Your AgriGuard Temporary Login Password | EXPIRES_HOURS: 1 | TEMP_PASSWORD: U@***Fs | STATUS: SAVED_LOCAL_AUDIT
[2026-09-16T13:08:37.743776] TO: spam_test_1789564113@agriguard.app (Spam User) | SUBJECT: Your AgriGuard Temporary Login Password | EXPIRES_HOURS: 1 | TEMP_PASSWORD: U@***Fs | STATUS: SAVED_LOCAL_AUDIT
[2026-09-16T13:08:37.881594] TO: spam_test_1789564113@agriguard.app (Spam User) | SUBJECT: Your AgriGuard Temporary Login Password | EXPIRES_HOURS: 1 | TEMP_PASSWORD: T2***!J | STATUS: SAVED_LOCAL_AUDIT
[2026-09-16T13:08:37.881594] TO: spam_test_1789564113@agriguard.app (Spam User) | SUBJECT: Your AgriGuard Temporary Login Password | EXPIRES_HOURS: 1 | TEMP_PASSWORD: T2***!J | STATUS: SAVED_LOCAL_AUDIT
[2026-09-16T13:08:38.012772] TO: spam_test_1789564113@agriguard.app (Spam User) | SUBJECT: Your AgriGuard Temporary Login Password | EXPIRES_HOURS: 1 | TEMP_PASSWORD: fW***2A | STATUS: SAVED_LOCAL_AUDIT
[2026-09-16T13:08:38.012772] TO: spam_test_1789564113@agriguard.app (Spam User) | SUBJECT: Your AgriGuard Temporary Login Password | EXPIRES_HOURS: 1 | TEMP_PASSWORD: fW***2A | STATUS: SAVED_LOCAL_AUDIT
[2026-09-16T13:13:02.282776] TO: farmer@demo.agriguard.app (Demo Farmer) | SUBJECT: Your AgriGuard Temporary Login Password | EXPIRES_HOURS: 1 | TEMP_PASSWORD: iY***^n | STATUS: SAVED_LOCAL_AUDIT
[2026-09-16T13:13:02.282776] TO: farmer@demo.agriguard.app (Demo Farmer) | SUBJECT: Your AgriGuard Temporary Login Password | EXPIRES_HOURS: 1 | TEMP_PASSWORD: iY***^n | STATUS: SAVED_LOCAL_AUDIT
[2026-09-18T15:16:59.021663] TO: uttejnagasaisamgoju@gmail.com (Uttejnagasai) | SUBJECT: Your AgriGuard Temporary Login Password | EXPIRES_HOURS: 1 | TEMP_PASSWORD: !%***IG | STATUS: SAVED_LOCAL_AUDIT
[2026-09-18T15:16:59.021663] TO: uttejnagasaisamgoju@gmail.com (Uttejnagasai) | SUBJECT: Your AgriGuard Temporary Login Password | EXPIRES_HOURS: 1 | TEMP_PASSWORD: !%***IG | STATUS: SAVED_LOCAL_AUDIT
[2026-09-18T15:17:32.964372] TO: uttejnagasaisamgoju@gmail.com (Uttejnagasai) | SUBJECT: Your AgriGuard Temporary Login Password | EXPIRES_HOURS: 1 | TEMP_PASSWORD: j@***7D | STATUS: SAVED_LOCAL_AUDIT
[2026-09-18T15:17:32.964372] TO: uttejnagasaisamgoju@gmail.com (Uttejnagasai) | SUBJECT: Your AgriGuard Temporary Login Password | EXPIRES_HOURS: 1 | TEMP_PASSWORD: j@***7D | STATUS: SAVED_LOCAL_AUDIT
[2026-09-18T15:17:34.916837] TO: uttejnagasaisamgoju@gmail.com (Uttejnagasai) | SUBJECT: Your AgriGuard Temporary Login Password | EXPIRES_HOURS: 1 | TEMP_PASSWORD: qK***0R | STATUS: SAVED_LOCAL_AUDIT
[2026-09-18T15:17:34.916837] TO: uttejnagasaisamgoju@gmail.com (Uttejnagasai) | SUBJECT: Your AgriGuard Temporary Login Password | EXPIRES_HOURS: 1 | TEMP_PASSWORD: qK***0R | STATUS: SAVED_LOCAL_AUDIT
