[2026-09-16 18:03:43] =================================================================
[2026-09-16 18:03:43]   AgriGuard Resilient Always-On Service Supervisor
[2026-09-16 18:03:43] =================================================================
[2026-09-16 18:03:43] Cleaning up existing backend and tunnel processes...
[2026-09-16 18:03:45] Starting AgriGuard FastAPI backend on 127.0.0.1:8000...
[2026-09-16 18:03:49]  -> Backend is healthy on http://127.0.0.1:8000 (DB: healthy)
[2026-09-16 18:03:49] Launching Cloudflare Edge Tunnel...
[2026-09-16 18:03:49]  -> Establishing Cloudflare Edge Tunnel on http://127.0.0.1:8000...
[2026-09-16 18:03:56]  -> Live HTTPS Edge Domain: https://shoulder-employment-partial-customized.trycloudflare.com
[2026-09-16 18:03:56] Synchronizing configurations with https://shoulder-employment-partial-customized.trycloudflare.com...
[2026-09-16 18:03:56] Building production frontend bundle (npm run build)...
[2026-09-16 18:04:05]  -> Frontend compiled successfully into frontend/dist
[2026-09-16 18:04:05] Verifying live public HTTPS endpoints on https://shoulder-employment-partial-customized.trycloudflare.com...
[2026-09-16 18:04:09]  [PASS] Health check verified: DB=healthy
[2026-09-16 18:04:09]  [PASS] Public HTTPS authentication verified! Token=eyJhbGciOiJIUzI1...
[2026-09-16 18:04:09]  [PASS] Authenticated dashboard verified! Farms count: 3
[2026-09-16 18:04:10]  [PASS] Production SPA served over HTTPS!
[2026-09-16 18:04:10] =================================================================
[2026-09-16 18:04:10]   AGRIGUARD IS LIVE AND ALWAYS AVAILABLE:
[2026-09-16 18:04:10]   Public URL: https://shoulder-employment-partial-customized.trycloudflare.com
[2026-09-16 18:04:10]   Local URL:  http://127.0.0.1:8000
[2026-09-16 18:04:10]   Login:      farmer@demo.agriguard.app / Demo@1234
[2026-09-16 18:04:10] =================================================================
[2026-09-16 18:20:13] =================================================================
[2026-09-16 18:20:13]   AgriGuard Resilient Always-On Service Supervisor
[2026-09-16 18:20:13] =================================================================
[2026-09-16 18:20:13] Cleaning up existing backend and tunnel processes...
[2026-09-16 18:20:15] Starting AgriGuard FastAPI backend on 127.0.0.1:8000...
[2026-09-16 18:20:18]  -> Backend is healthy on http://127.0.0.1:8000 (DB: healthy)
[2026-09-16 18:20:18] Launching Cloudflare Edge Tunnel...
[2026-09-16 18:20:18]  -> Establishing Cloudflare Edge Tunnel on http://127.0.0.1:8000...
[2026-09-16 18:20:25]  -> Live HTTPS Edge Domain: https://widespread-seating-remedy-stylus.trycloudflare.com
[2026-09-16 18:20:25] Synchronizing configurations with https://widespread-seating-remedy-stylus.trycloudflare.com...
[2026-09-16 18:20:25] Building production frontend bundle (npm run build)...
[2026-09-16 18:20:37]  -> Frontend compiled successfully into frontend/dist
[2026-09-16 18:20:37] Verifying live public HTTPS endpoints on https://widespread-seating-remedy-stylus.trycloudflare.com...
[2026-09-16 18:21:14] =================================================================
[2026-09-16 18:21:14]   AgriGuard Resilient Always-On Service Supervisor
[2026-09-16 18:21:14] =================================================================
[2026-09-16 18:21:14] Cleaning up existing backend and tunnel processes...
[2026-09-16 18:21:16] Starting AgriGuard FastAPI backend on 127.0.0.1:8000...
[2026-09-16 18:21:19]  -> Backend is healthy on http://127.0.0.1:8000 (DB: healthy)
[2026-09-16 18:21:19] Launching Cloudflare Edge Tunnel...
[2026-09-16 18:21:19]  -> Establishing Cloudflare Edge Tunnel on http://127.0.0.1:8000...
[2026-09-16 18:21:25]  -> Live HTTPS Edge Domain: https://scuba-refresh-architecture-wave.trycloudflare.com
[2026-09-16 18:21:25] Synchronizing configurations with https://scuba-refresh-architecture-wave.trycloudflare.com...
[2026-09-16 18:21:25] Building production frontend bundle (npm run build)...
[2026-09-16 18:21:36]  -> Frontend compiled successfully into frontend/dist
[2026-09-16 18:21:36] Verifying live public HTTPS endpoints on https://scuba-refresh-architecture-wave.trycloudflare.com (waiting for edge DNS)...
[2026-09-16 18:21:42]  [PASS] Health check verified: DB=healthy
[2026-09-16 18:21:42]  [PASS] Public HTTPS authentication verified! Token=eyJhbGciOiJIUzI1...
[2026-09-16 18:21:43]  [PASS] Authenticated dashboard verified! Farms count: 3
[2026-09-16 18:21:43]  [PASS] Production SPA served over HTTPS!
[2026-09-16 18:21:43] =================================================================
[2026-09-16 18:21:43]   AGRIGUARD IS LIVE AND ALWAYS AVAILABLE:
[2026-09-16 18:21:43]   Public URL: https://scuba-refresh-architecture-wave.trycloudflare.com
[2026-09-16 18:21:43]   Local URL:  http://127.0.0.1:8000
[2026-09-16 18:21:43]   Login:      farmer@demo.agriguard.app / Demo@1234
[2026-09-16 18:21:43] =================================================================
[2026-09-16 18:36:26] WARNING: Backend process died (exit 1). Self-healing: restarting backend...
[2026-09-16 18:36:26] Starting AgriGuard FastAPI backend on 127.0.0.1:8000...
[2026-09-16 18:36:30]  -> Backend is healthy on http://127.0.0.1:8000 (DB: healthy)
[2026-09-16 18:37:20] WARNING: Backend process died (exit 1). Self-healing: restarting backend...
[2026-09-16 18:37:20] Starting AgriGuard FastAPI backend on 127.0.0.1:8000...
[2026-09-16 18:37:24]  -> Backend is healthy on http://127.0.0.1:8000 (DB: healthy)
[2026-09-16 18:38:18] WARNING: Backend process died (exit 1). Self-healing: restarting backend...
[2026-09-16 18:38:18] Starting AgriGuard FastAPI backend on 127.0.0.1:8000...
[2026-09-16 18:38:22]  -> Backend is healthy on http://127.0.0.1:8000 (DB: healthy)
[2026-09-16 18:41:14] WARNING: Backend process died (exit 1). Self-healing: restarting backend...
[2026-09-16 18:41:14] Starting AgriGuard FastAPI backend on 127.0.0.1:8000...
[2026-09-16 18:41:19]  -> Backend is healthy on http://127.0.0.1:8000 (DB: healthy)
[2026-09-16 21:37:05] =================================================================
[2026-09-16 21:37:05]   AgriGuard Resilient Always-On Service Supervisor
[2026-09-16 21:37:05] =================================================================
[2026-09-16 21:37:05] Cleaning up existing backend and tunnel processes...
[2026-09-16 21:37:07] Starting AgriGuard FastAPI backend on 127.0.0.1:8000...
[2026-09-16 21:37:17]  -> Backend is healthy on http://127.0.0.1:8000 (DB: healthy)
[2026-09-16 21:37:17] Launching Cloudflare Edge Tunnel...
[2026-09-16 21:37:17]  -> Establishing Cloudflare Edge Tunnel on http://127.0.0.1:8000...
[2026-09-16 21:37:25]  -> Live HTTPS Edge Domain: https://replacing-deleted-margaret-playing.trycloudflare.com
[2026-09-16 21:37:25] Synchronizing configurations with https://replacing-deleted-margaret-playing.trycloudflare.com...
[2026-09-16 21:37:25] Building production frontend bundle (npm run build)...
[2026-09-16 21:37:34]  -> Preserved genuine AgriGuard.apk (35.75 MB) in dist/downloads
[2026-09-16 21:37:34]  -> Frontend compiled successfully into frontend/dist
[2026-09-16 21:37:34] Verifying live public HTTPS endpoints on https://replacing-deleted-margaret-playing.trycloudflare.com (waiting for edge DNS)...
[2026-09-16 21:37:41]  [PASS] Health check verified: DB=healthy
[2026-09-16 21:37:41]  [PASS] Public HTTPS authentication verified! Token=eyJhbGciOiJIUzI1...
[2026-09-16 21:37:42]  [PASS] Authenticated dashboard verified! Farms count: 3
[2026-09-16 21:37:43]  [PASS] Production SPA served over HTTPS!
[2026-09-16 21:37:43]  [PASS] Genuine signed APK download verified! Size=35.75 MB, MIME=application/vnd.android.package-archive
[2026-09-16 21:37:43] =================================================================
[2026-09-16 21:37:43]   AGRIGUARD IS LIVE AND ALWAYS AVAILABLE:
[2026-09-16 21:37:43]   Public URL: https://replacing-deleted-margaret-playing.trycloudflare.com
[2026-09-16 21:37:43]   Local URL:  http://127.0.0.1:8000
[2026-09-16 21:37:43]   Login:      farmer@demo.agriguard.app / Demo@1234
[2026-09-16 21:37:43] =================================================================
[2026-09-16 21:39:27] Public edge keep-alive ping warning: HTTP Error 530: <none>
[2026-09-16 21:43:23] Public edge keep-alive ping warning: <urlopen error [WinError 10054] An existing connection was forcibly closed by the remote host>
[2026-09-18 20:37:32] =================================================================
[2026-09-18 20:37:32]   AgriGuard Resilient Always-On Service Supervisor
[2026-09-18 20:37:32] =================================================================
[2026-09-18 20:37:32] Cleaning up existing backend and tunnel processes...
[2026-09-18 20:37:36] Starting AgriGuard FastAPI backend on 127.0.0.1:8000...
[2026-09-18 20:37:40]  -> Backend is healthy on http://127.0.0.1:8000 (DB: healthy)
[2026-09-18 20:37:40] Launching Cloudflare Edge Tunnel...
[2026-09-18 20:37:40]  -> Establishing Cloudflare Edge Tunnel on http://127.0.0.1:8000...
[2026-09-18 20:37:46]  -> Live HTTPS Edge Domain: https://davidson-fuzzy-unlikely-consumers.trycloudflare.com
[2026-09-18 20:37:46] Synchronizing configurations with https://davidson-fuzzy-unlikely-consumers.trycloudflare.com...
[2026-09-18 20:37:46] Building production frontend bundle (npm run build)...
[2026-09-18 20:37:56]  -> Preserved genuine AgriGuard.apk (35.75 MB) in dist/downloads
[2026-09-18 20:37:56]  -> Frontend compiled successfully into frontend/dist
[2026-09-18 20:37:56] Verifying live public HTTPS endpoints on https://davidson-fuzzy-unlikely-consumers.trycloudflare.com (waiting for edge DNS)...
[2026-09-18 20:38:02]  [PASS] Health check verified: DB=healthy
[2026-09-18 20:38:02]  [PASS] Public HTTPS authentication verified! Token=eyJhbGciOiJIUzI1...
[2026-09-18 20:38:02]  [PASS] Authenticated dashboard verified! Farms count: 3
[2026-09-18 20:38:03]  [PASS] Production SPA served over HTTPS!
[2026-09-18 20:38:03]  [PASS] Genuine signed APK download verified! Size=35.75 MB, MIME=application/vnd.android.package-archive
[2026-09-18 20:38:03] =================================================================
[2026-09-18 20:38:03]   AGRIGUARD IS LIVE AND ALWAYS AVAILABLE:
[2026-09-18 20:38:03]   Public URL: https://davidson-fuzzy-unlikely-consumers.trycloudflare.com
[2026-09-18 20:38:03]   Local URL:  http://127.0.0.1:8000
[2026-09-18 20:38:03]   Login:      farmer@demo.agriguard.app / Demo@1234
[2026-09-18 20:38:03] =================================================================
[2026-09-19 18:10:06] =================================================================
[2026-09-19 18:10:06]   AgriGuard Resilient Always-On Service Supervisor
[2026-09-19 18:10:06]   Running as: user
[2026-09-19 18:10:06] =================================================================
[2026-09-19 18:10:06] Cleaning up any orphaned backend and tunnel processes...
[2026-09-19 18:10:12] Starting AgriGuard FastAPI backend on 127.0.0.1:8000 ...
[2026-09-19 18:10:22]   -> Backend healthy (DB: healthy, PID: 2448)
[2026-09-19 18:10:22]   -> No CLOUDFLARE_TUNNEL_TOKEN found — using Quick Tunnel (random URL, changes on restart)
[2026-09-19 18:10:22] Launching Cloudflare Quick Tunnel on http://127.0.0.1:8000 ...
[2026-09-19 18:10:22]   -> Quick Tunnel URL: https://davidson-fuzzy-unlikely-consumers.trycloudflare.com
[2026-09-19 18:10:22] Tunnel URL unchanged (https://davidson-fuzzy-unlikely-consumers.trycloudflare.com) — skipping frontend rebuild
[2026-09-19 18:10:22] Verifying live endpoints on https://davidson-fuzzy-unlikely-consumers.trycloudflare.com (waiting for edge propagation)...
[2026-09-19 18:10:50] Notice: Endpoint verification encountered an issue (<urlopen error [Errno 11001] getaddrinfo failed>). Continuing to keep-alive loop — edge DNS may still be propagating.
[2026-09-19 18:10:50] =================================================================
[2026-09-19 18:10:50]   AGRIGUARD IS LIVE
[2026-09-19 18:10:50]   Public URL : https://davidson-fuzzy-unlikely-consumers.trycloudflare.com
[2026-09-19 18:10:50]   Local URL  : http://127.0.0.1:8000
[2026-09-19 18:10:50]   Login      : farmer@demo.agriguard.app / Demo@1234
[2026-09-19 18:10:50]   TIP: Set CLOUDFLARE_TUNNEL_TOKEN in backend/.env to get a
[2026-09-19 18:10:50]        permanent HTTPS URL that never changes on reboot.
[2026-09-19 18:10:50] =================================================================
[2026-09-19 18:11:15] Public edge keep-alive warning: <urlopen error [Errno 11001] getaddrinfo failed>
[2026-09-19 18:12:16] =================================================================
[2026-09-19 18:12:16]   AgriGuard Resilient Always-On Service Supervisor
[2026-09-19 18:12:16]   Running as: user
[2026-09-19 18:12:16] =================================================================
[2026-09-19 18:12:16] Cleaning up any orphaned backend and tunnel processes...
[2026-09-19 18:12:20] Starting AgriGuard FastAPI backend on 127.0.0.1:8000 ...
[2026-09-19 18:12:25]   -> Backend healthy (DB: healthy, PID: 14428)
[2026-09-19 18:12:25]   -> No CLOUDFLARE_TUNNEL_TOKEN found — using Quick Tunnel (random URL, changes on restart)
[2026-09-19 18:12:25] Launching Cloudflare Quick Tunnel on http://127.0.0.1:8000 ...
[2026-09-19 18:12:37]   -> Quick Tunnel URL: https://mayor-acdbentity-greensboro-morris.trycloudflare.com
[2026-09-19 18:12:37] Tunnel URL changed (https://davidson-fuzzy-unlikely-consumers.trycloudflare.com -> https://mayor-acdbentity-greensboro-morris.trycloudflare.com)
[2026-09-19 18:17:59] =================================================================
[2026-09-19 18:17:59]   AgriGuard Resilient Always-On Service Supervisor
[2026-09-19 18:17:59]   Running as: user
[2026-09-19 18:17:59] =================================================================
[2026-09-19 18:17:59] Cleaning up any orphaned backend and tunnel processes...
[2026-09-19 18:18:03] Starting AgriGuard FastAPI backend on 127.0.0.1:8000 ...
[2026-09-19 18:18:08]   -> Backend healthy (DB: healthy, PID: 20628)
[2026-09-19 18:18:08]   -> No CLOUDFLARE_TUNNEL_TOKEN found -- using Quick Tunnel (random URL, changes on restart)
[2026-09-19 18:18:08] Launching Cloudflare Quick Tunnel on http://127.0.0.1:8000 ...
[2026-09-19 18:18:20]   -> Quick Tunnel URL: https://dairy-intelligent-database-organizer.trycloudflare.com
[2026-09-19 18:18:20] Tunnel URL changed (https://davidson-fuzzy-unlikely-consumers.trycloudflare.com -> https://dairy-intelligent-database-organizer.trycloudflare.com)
[2026-09-19 18:18:20] Syncing environment -> https://dairy-intelligent-database-organizer.trycloudflare.com ...
[2026-09-19 18:18:21] Building production frontend bundle (npm run build) ...
[2026-09-19 18:18:41]   -> Preserved AgriGuard.apk (35.75 MB) in dist/downloads
[2026-09-19 18:18:41]   -> Frontend compiled successfully into frontend/dist
[2026-09-19 18:18:41] Verifying live endpoints on https://dairy-intelligent-database-organizer.trycloudflare.com (waiting for edge propagation)...
[2026-09-19 18:18:54]   [PASS] Health OK (DB: healthy)
[2026-09-19 18:18:56]   [PASS] HTTPS authentication OK (token: eyJhbGciOiJIUzI1...)
[2026-09-19 18:18:57]   [PASS] Dashboard OK (farms: 3)
[2026-09-19 18:19:03]   [PASS] SPA HTML served over HTTPS
[2026-09-19 18:19:03] =================================================================
[2026-09-19 18:19:03]   AGRIGUARD IS LIVE
[2026-09-19 18:19:03]   Public URL : https://dairy-intelligent-database-organizer.trycloudflare.com
[2026-09-19 18:19:03]   Local URL  : http://127.0.0.1:8000
[2026-09-19 18:19:03]   Login      : farmer@demo.agriguard.app / Demo@1234
[2026-09-19 18:19:03]   TIP: Set CLOUDFLARE_TUNNEL_TOKEN in backend/.env to get a
[2026-09-19 18:19:03]        permanent HTTPS URL that never changes on reboot.
[2026-09-19 18:19:03] =================================================================
[2026-09-19 18:28:58] Public edge keep-alive warning: <urlopen error [Errno 11001] getaddrinfo failed>
[2026-09-19 18:29:19] Public edge keep-alive warning: <urlopen error [Errno 11001] getaddrinfo failed>
[2026-09-19 20:06:31] =================================================================
[2026-09-19 20:06:31]   AgriGuard Resilient Always-On Service Supervisor
[2026-09-19 20:06:31]   Running as: user
[2026-09-19 20:06:31] =================================================================
[2026-09-19 20:06:31] Cleaning up any orphaned backend and tunnel processes...
[2026-09-19 20:06:33] Starting AgriGuard FastAPI backend on 127.0.0.1:8000 ...
[2026-09-19 20:06:39]   -> Backend healthy (DB: healthy, PID: 13092)
[2026-09-19 20:06:39]   -> No CLOUDFLARE_TUNNEL_TOKEN found -- using Quick Tunnel (random URL, changes on restart)
[2026-09-19 20:06:39] Launching Cloudflare Quick Tunnel on http://127.0.0.1:8000 ...
[2026-09-19 20:06:55] ERROR: cloudflared Quick Tunnel process exited prematurely.
[2026-09-19 20:11:43] =================================================================
[2026-09-19 20:11:43]   AgriGuard Resilient Always-On Service Supervisor
[2026-09-19 20:11:43]   Running as: user
[2026-09-19 20:11:43] =================================================================
[2026-09-19 20:11:43] Cleaning up any orphaned backend and tunnel processes...
[2026-09-19 20:11:45] Starting AgriGuard FastAPI backend on 127.0.0.1:8000 ...
[2026-09-19 20:11:48]   -> Backend healthy (DB: healthy, PID: 8152)
[2026-09-19 20:11:48]   -> Launching Cloudflare Quick Tunnel (attempt 1/4) on http://127.0.0.1:8000 ...
[2026-09-19 20:11:55]   -> Quick Tunnel URL: https://merchants-electric-ongoing-penny.trycloudflare.com
[2026-09-19 20:11:55] Tunnel URL changed (https://dairy-intelligent-database-organizer.trycloudflare.com -> https://merchants-electric-ongoing-penny.trycloudflare.com)
[2026-09-19 20:11:55] Syncing environment -> https://merchants-electric-ongoing-penny.trycloudflare.com ...
[2026-09-19 20:11:55] Building production frontend bundle (npm run build) ...
[2026-09-19 20:12:01]   -> Preserved AgriGuard.apk (35.75 MB) in dist/downloads
[2026-09-19 20:12:01]   -> Frontend compiled successfully into frontend/dist
[2026-09-19 20:12:01] Verifying live endpoints on https://merchants-electric-ongoing-penny.trycloudflare.com (waiting for edge propagation)...
[2026-09-19 20:12:07]   [PASS] Health OK (DB: healthy)
[2026-09-19 20:12:09]   [PASS] HTTPS authentication OK (token: eyJhbGciOiJIUzI1...)
[2026-09-19 20:12:10]   [PASS] Dashboard OK (farms: 3)
[2026-09-19 20:12:11]   [PASS] SPA HTML served over HTTPS
[2026-09-19 20:12:11] =================================================================
[2026-09-19 20:12:11]   AGRIGUARD IS LIVE
[2026-09-19 20:12:11]   Public URL : https://merchants-electric-ongoing-penny.trycloudflare.com
[2026-09-19 20:12:11]   Local URL  : http://127.0.0.1:8000
[2026-09-19 20:12:11]   Login      : farmer@demo.agriguard.app / Demo@1234
[2026-09-19 20:12:11]   TIP: Set CLOUDFLARE_TUNNEL_TOKEN in backend/.env to get a
[2026-09-19 20:12:11]        permanent HTTPS URL that never changes on reboot.
[2026-09-19 20:12:11] =================================================================
[2026-09-19 20:32:39] Public edge keep-alive warning: HTTP Error 530: <none>
[2026-09-19 20:37:06] =================================================================
[2026-09-19 20:37:06]   AgriGuard Resilient Always-On Service Supervisor
[2026-09-19 20:37:06]   Running as: user
[2026-09-19 20:37:06] =================================================================
[2026-09-19 20:37:06] Cleaning up any orphaned backend and tunnel processes...
[2026-09-19 20:37:10] Starting AgriGuard FastAPI backend on 127.0.0.1:8000 ...
[2026-09-19 20:37:15]   -> Backend healthy (DB: healthy, PID: 21456)
[2026-09-19 20:37:15]   -> Launching Cloudflare Quick Tunnel (attempt 1/4) on http://127.0.0.1:8000 ...
[2026-09-19 20:37:25]   -> Quick Tunnel URL: https://posts-silly-verification-grande.trycloudflare.com
[2026-09-19 20:37:25] Tunnel URL changed (https://merchants-electric-ongoing-penny.trycloudflare.com -> https://posts-silly-verification-grande.trycloudflare.com)
[2026-09-19 20:37:25] Syncing environment -> https://posts-silly-verification-grande.trycloudflare.com ...
[2026-09-19 20:37:25] Building production frontend bundle (npm run build) ...
[2026-09-19 20:37:41]   -> Preserved AgriGuard.apk (35.75 MB) in dist/downloads
[2026-09-19 20:37:41]   -> Frontend compiled successfully into frontend/dist
[2026-09-19 20:37:41] Verifying live endpoints on https://posts-silly-verification-grande.trycloudflare.com (waiting for edge propagation)...
[2026-09-19 20:37:50]   [PASS] Health OK (DB: healthy)
[2026-09-19 20:37:51]   [PASS] HTTPS authentication OK (token: eyJhbGciOiJIUzI1...)
[2026-09-19 20:37:52]   [PASS] Dashboard OK (farms: 3)
[2026-09-19 20:37:53]   [PASS] SPA HTML served over HTTPS
[2026-09-19 20:37:53] =================================================================
[2026-09-19 20:37:53]   AGRIGUARD IS LIVE
[2026-09-19 20:37:53]   Public URL : https://posts-silly-verification-grande.trycloudflare.com
[2026-09-19 20:37:53]   Local URL  : http://127.0.0.1:8000
[2026-09-19 20:37:53]   Login      : farmer@demo.agriguard.app / Demo@1234
[2026-09-19 20:37:53]   TIP: Set CLOUDFLARE_TUNNEL_TOKEN in backend/.env to get a
[2026-09-19 20:37:53]        permanent HTTPS URL that never changes on reboot.
[2026-09-19 20:37:53] =================================================================
[2026-09-19 20:45:25] Public edge keep-alive warning: <urlopen error _ssl.c:993: The handshake operation timed out>
[2026-09-19 20:46:30] Public edge keep-alive warning: The read operation timed out
[2026-09-19 20:47:33] Public edge keep-alive warning: The read operation timed out
[2026-09-19 20:50:00] Public edge keep-alive warning: <urlopen error _ssl.c:993: The handshake operation timed out>
[2026-09-19 20:50:57] Public edge keep-alive warning: The read operation timed out
[2026-09-19 20:51:43] Public edge keep-alive warning: The read operation timed out
[2026-09-19 20:52:37] Public edge keep-alive warning: <urlopen error _ssl.c:993: The handshake operation timed out>
[2026-09-19 20:53:55] Public edge keep-alive warning: <urlopen error _ssl.c:993: The handshake operation timed out>
[2026-09-19 20:54:40] Public edge keep-alive warning: <urlopen error _ssl.c:993: The handshake operation timed out>
[2026-09-19 20:55:27] Public edge keep-alive warning: <urlopen error _ssl.c:993: The handshake operation timed out>
[2026-09-19 20:56:53] Public edge keep-alive warning: <urlopen error _ssl.c:993: The handshake operation timed out>
[2026-09-19 20:57:57] Public edge keep-alive warning: <urlopen error _ssl.c:993: The handshake operation timed out>
[2026-09-19 20:58:36] Public edge keep-alive warning: The read operation timed out
[2026-09-19 20:59:55] Public edge keep-alive warning: The read operation timed out
[2026-09-19 21:00:35] Public edge keep-alive warning: <urlopen error timed out>
[2026-09-19 21:00:47] Public edge keep-alive warning: <urlopen error _ssl.c:993: The handshake operation timed out>
[2026-09-19 21:01:29] Public edge keep-alive warning: HTTP Error 530: <none>
[2026-09-19 21:01:46] Public edge keep-alive warning: <urlopen error _ssl.c:993: The handshake operation timed out>
[2026-09-19 21:01:56] Public edge keep-alive warning: HTTP Error 530: <none>
[2026-09-19 21:03:52] Public edge keep-alive warning: <urlopen error _ssl.c:993: The handshake operation timed out>
[2026-09-19 21:04:15] Public edge keep-alive warning: <urlopen error [Errno 11001] getaddrinfo failed>
[2026-09-19 21:04:40] Public edge keep-alive warning: <urlopen error [Errno 11001] getaddrinfo failed>
[2026-09-19 21:05:31] Public edge keep-alive warning: HTTP Error 530: <none>
[2026-09-19 21:05:38] Public edge keep-alive warning: HTTP Error 530: <none>
[2026-09-19 21:06:21] Public edge keep-alive warning: The read operation timed out
[2026-09-22 17:54:03] =================================================================
[2026-09-22 17:54:03]   AgriGuard Resilient Always-On Service Supervisor
[2026-09-22 17:54:03]   Running as: user
[2026-09-22 17:54:03] =================================================================
[2026-09-22 17:54:03] Cleaning up any orphaned backend and tunnel processes...
[2026-09-22 17:54:13] Starting AgriGuard FastAPI backend on 127.0.0.1:8000 ...
[2026-09-22 17:54:53] ERROR: Backend did not respond within 40s. Exiting.
